{
    "db_tables": {
        "content": [
            "alleles.tsv:md5,77994270b1eab3e8363c90d8d09780fa",
            "conditions_alleles.tsv:md5,0e992c19471bb56c9b6e6a6f71302742",
            "conditions.tsv:md5,87707cd0dee14b0ca4face090ba9dce9",
            "entities.tsv:md5,d8fb481a73a1c92298ce2b093ec54742",
            "microbiomes_entities.nucl.tsv:md5,aa0d4cc3546508c8e5b81bc9b4b16e39",
            "microbiomes.tsv:md5,70871c8b3023f5a8412c05f4a69dda2f",
            "stats.txt:md5,896155e0f043f30bd71c38c8ee7b466c"
        ],
        "timestamp": "2024-06-26T08:14:54+0000"
    },
    "entrez_data": {
        "content": [
            "microbiomes_entities.entrez.tsv:md5,77463a684452d34795b6eda52cfad072"
        ],
        "timestamp": "2024-06-26T08:14:54+0000"
    },
    "logs": {
        "content": [
            "prediction_warnings.log:md5,d41d8cd98f00b204e9800998ecf8427e"
        ],
        "timestamp": "2024-06-26T08:14:54+0000"
    }
}
