{
    "db_tables": {
        "content": [
            "alleles.tsv:md5,77994270b1eab3e8363c90d8d09780fa",
            "conditions_alleles.tsv:md5,ad6438cc0e62033f39629d7d002169b5",
            "conditions.tsv:md5,092aba068d94feb11b61a22d694359d7",
            "entities_proteins.tsv:md5,1e64633559bc88f0ce96550d821a2f73",
            "entities.tsv:md5,e11b4c3cae16172e0643416fe1e55e0e",
            "microbiomes_entities.no_weights.tsv:md5,df996f766b716791a8cd06041fb71519",
            "microbiomes_entities.nucl.tsv:md5,2f884256b54995a265af83b2eb68e773",
            "microbiomes_entities.tsv:md5,c39bb90a814d8bfeafa2ff9372f22b06",
            "microbiomes.tsv:md5,b89503022fcbd9b7d7f9eefe7cbccf0f",
            "proteins_peptides.tsv:md5,58547bc2efb9ae4f154710bb58d14c54",
            "peptides.tsv.gz:md5,66f6ceef1d5212d061b46c90703282d9",
            "proteins.tsv.gz:md5,2d25ff5eb066f3ddc8aa71a7acf5f3ce",
            "predictions.tsv.gz:md5,998fcc2d79f0c9e340dd678187d12635",
            "stats.txt:md5,027c733d48c47409486c8c1b4425bb7a"
        ],
        "meta": {
            "nf-test": "0.8.4",
            "nextflow": "24.04.2"
        },
        "timestamp": "2024-07-11T15:09:30.990957786"
    },
    "logs": {
        "content": [
            "prediction_warnings.log:md5,d41d8cd98f00b204e9800998ecf8427e",
            "SUCCEEDED_unify_peptide_lengths.log:md5,c27fb56e478b975c57c910011935dd55"
        ],
        "meta": {
            "nf-test": "0.8.4",
            "nextflow": "24.04.2"
        },
        "timestamp": "2024-06-26T08:14:54+0000"
    }
}