{
    "db_tables": {
        "content": [
            "alleles.tsv:md5,77994270b1eab3e8363c90d8d09780fa",
            "conditions_alleles.tsv:md5,9db7e0afc739b23c430877e336b0143f",
            "conditions.tsv:md5,a6fe5daaf11a90b61c83c9934969c52c",
            "entities_proteins.tsv:md5,20fa4e2263edf5875a55f668bfd54255",
            "entities.tsv:md5,03eb30795257d5e6a0a52bdfc09481fd",
            "microbiomes_entities.no_weights.tsv:md5,bd449dafeb86c374552f2e22a9780b19",
            "microbiomes_entities.nucl.tsv:md5,3888070b634251c0ae3e9fd4857140d7",
            "microbiomes_entities.tsv:md5,f93b40a413fde8dd0a10712270c1a5f0",
            "microbiomes.tsv:md5,3d597aec25752f7ca83436b31bfaa128",
            "proteins_peptides.tsv:md5,ff31eacf91875205291a83f742350318",
            "peptides.tsv.gz:md5,dd0f94bea5079df8ef06895de255038b",
            "proteins.tsv.gz:md5,104b786dfa89e183a46e29f1f37f17de",
            "predictions.tsv.gz:md5,e34159d38c4fb47abb02e2ad250ff138",
            "stats.txt:md5,d138e30d814db5203a789b7eddd04732"
        ],
        "meta": {
            "nf-test": "0.8.4",
            "nextflow": "24.04.2"
        },
        "timestamp": "2024-07-17T07:31:10.252218043"
    },
    "logs": {
        "content": [
            "prediction_warnings.log:md5,d41d8cd98f00b204e9800998ecf8427e",
            "SUCCEEDED_unify_peptide_lengths.log:md5,c27fb56e478b975c57c910011935dd55"
        ],
        "meta": {
            "nf-test": "0.8.4",
            "nextflow": "24.04.2"
        },
        "timestamp": "2024-06-26T08:14:54+0000"
    }
}